main.c:102:6:flash_testing	16	static
main.c:135:5:main	24	static
main.c:244:7:bootloader_uart_read_data	16	static
main.c:311:6:bootloader_jump_to_user_app1	24	static,ignoring_inline_asm
main.c:342:6:bootloader_jump_to_user_app2	24	static,ignoring_inline_asm
main.c:373:6:bootloader_jump_to_bootloader	24	static,ignoring_inline_asm
main.c:406:7:printmsg	96	static
main.c:422:6:SystemClock_Config	88	static
main.c:478:13:MX_CRC_Init	8	static
main.c:490:13:MX_USART2_UART_Init	8	static
main.c:509:13:MX_USART3_UART_Init	8	static
main.c:534:13:MX_GPIO_Init	48	static
main.c:572:6:_Error_Handler	16	static
main.c:605:6:bootloader_handle_getver_cmd	32	static
main.c:640:6:bootloader_handle_gethelp_cmd	24	static
main.c:665:6:bootloader_handle_getcid_cmd	32	static
main.c:694:6:bootloader_handle_getrdp_cmd	32	static
main.c:723:6:bootloader_handle_go_cmd	40	static
main.c:785:6:bootloader_handle_flash_erase_cmd	32	static
main.c:818:6:bootloader_handle_mem_write_cmd	40	static
main.c:882:6:bootloader_handle_en_rw_protect	32	static
main.c:915:6:bootloader_handle_dis_rw_protect	32	static
main.c:947:6:bootloader_handle_mem_read	16	static
main.c:954:6:bootloader_handle_read_sector_protection_status	32	static
main.c:982:6:bootloader_handle_read_otp	16	static
main.c:989:6:bootloader_send_ack	24	static
main.c:1000:6:bootloader_send_nack	16	static
main.c:1007:9:bootloader_verify_crc	40	static
main.c:1029:6:bootloader_uart_write_data	16	static
main.c:1038:9:get_bootloader_version	4	static
main.c:1044:10:get_mcu_chip_id	16	static
main.c:1062:9:get_flash_rdp_level	16	static
main.c:1081:9:verify_address	16	static
main.c:1112:10:execute_flash_erase	48	static
main.c:1161:9:execute_mem_write	32	static
main.c:1189:9:configure_flash_sector_rw_protection	24	static
main.c:1285:10:read_OB_rw_protection_status	40	static
